// Jest Snapshot v1, https://goo.gl/fbAQLP

exports[`<ButtonGroup /> should render the Buttons inside ButtonGroup 1`] = `
<div
  className="nice-btn-group justified small"
>
  <Button
    alternative={false}
    context="default"
    href={null}
    icon={null}
    onClick={null}
    size="medium"
  >
    Default
  </Button>
</div>
`;
